Microchip MPLAB XC8 Compiler V2.32

Linker command line:

-W-3 --edf=C:\Program Files\Microchip\xc8\v2.32\pic\dat\en_msgs.txt -cn \
  -h+dist/default/production\thi.X.production.sym \
  --cmf=dist/default/production\thi.X.production.cmf -z -Q16F877A \
  -oC:\Users\ASUS\AppData\Local\Temp\xcAs3pc.4 --defsym=__MPLAB_BUILD=1 \
  -Mdist/default/production/thi.X.production.map -E1 -ver=XC8 Compiler \
  --acfsm=1493 -ASTACK=0110h-016Fh -pstack=STACK -ACODE=00h-07FFhx4 \
  -ASTRCODE=00h-01FFFh -ASTRING=00h-0FFhx32 -ACONST=00h-0FFhx32 \
  -AENTRY=00h-0FFhx32 -ACOMMON=070h-07Fh -ABANK0=020h-06Fh \
  -ABANK1=0A0h-0EFh -ABANK2=0110h-016Fh -ABANK3=0190h-01EFh \
  -ARAM=020h-06Fh,0A0h-0EFh,0110h-016Fh,0190h-01EFh \
  -AABS1=020h-07Fh,0A0h-0EFh,0110h-016Fh,0190h-01EFh -ASFR0=00h-01Fh \
  -ASFR1=080h-09Fh -ASFR2=0100h-010Fh -ASFR3=0180h-018Fh \
  -ACONFIG=02007h-02007h -DCONFIG=2 -AIDLOC=02000h-02003h -DIDLOC=2 \
  -AEEDATA=00h-0FFh/02100h -peeprom_data=EEDATA -DEEDATA=2 -DCODE=2 \
  -DSTRCODE=2 -DSTRING=2 -DCONST=2 -DENTRY=2 \
  -preset_vec=00h,intentry,init,end_init -ppowerup=CODE -pcinit=CODE \
  -pfunctab=ENTRY -k C:\Users\ASUS\AppData\Local\Temp\xcAs3pc.o \
  dist/default/production\thi.X.production.o 

Object code version is 3.11

Machine type is 16F877A



                Name                               Link     Load   Length Selector   Space Scale
C:\Users\ASUS\AppData\Local\Temp\xcAs3pc.o
                end_init                              0        0        3        0       0
                config                             2007     2007        1        0       4
dist/default/production\thi.X.production.o
                cinit                               7FC      7FC        4      FF8       0
                config                             2007     2007        1        0       4
                text5                               72C      72C       17      E58       0
                text4                               75B      75B       25      EB6       0
                text3                               743      743       18      E86       0
                text2                               7A8      7A8       54      F50       0
                text1                               719      719       13      E32       0
                maintext                            780      780       28      F00       0
                cstackCOMMON                         70       70        7       70       1
                strings                               3        3       10        6       0

TOTAL           Name                               Link     Load   Length     Space
        CLASS   STACK          

        CLASS   CODE           
                end_init                              0        0        3         0
                cinit                               7FC      7FC        4         0
                text5                               72C      72C       17         0
                text4                               75B      75B       25         0
                text3                               743      743       18         0
                text2                               7A8      7A8       54         0
                text1                               719      719       13         0
                maintext                            780      780       28         0

        CLASS   STRCODE        

        CLASS   STRING         
                strings                               3        3       10         0

        CLASS   CONST          

        CLASS   ENTRY          

        CLASS   COMMON         
                cstackCOMMON                         70       70        7         1

        CLASS   BANK0          

        CLASS   BANK1          

        CLASS   BANK2          

        CLASS   BANK3          

        CLASS   RAM            

        CLASS   ABS1           
                abs_s1                               7E       7E        2         1

        CLASS   SFR0           

        CLASS   SFR1           

        CLASS   SFR2           

        CLASS   SFR3           

        CLASS   CONFIG         
                config                             2007     2007        1         4

        CLASS   IDLOC          

        CLASS   EEDATA         



SEGMENTS        Name                           Load    Length   Top    Selector   Space  Class     Delta

                reset_vec                      000000  000003  000003         0       0  CODE        2
                strings                        000003  000010  000013         6       0  STRING      2
                cstackCOMMON                   000070  000007  000077        70       1  COMMON      1
                text1                          000719  000013  00072C       E32       0  CODE        2
                text5                          00072C  000017  000743       E58       0  CODE        2
                text3                          000743  000018  00075B       E86       0  CODE        2
                text4                          00075B  000025  000780       EB6       0  CODE        2
                maintext                       000780  000028  0007A8       F00       0  CODE        2
                text2                          0007A8  000054  0007FC       F50       0  CODE        2
                cinit                          0007FC  000004  000800       FF8       0  CODE        2


UNUSED ADDRESS RANGES

        Name                Unused          Largest block    Delta
        BANK0            0020-006F             50           1
        BANK1            00A0-00EF             50           1
        BANK2            0110-016F             60           1
        BANK3            0190-01EF             60           1
        CODE             0013-0718            706           2
                         0800-1FFF            800
        COMMON           0077-007D              7           1
        CONST            0013-0718            100           2
                         0800-1FFF            100
        EEDATA           2100-21FF            100           2
        ENTRY            0013-0718            100           2
                         0800-1FFF            100
        IDLOC            2000-2003              4           2
        RAM              0020-006F             50           1
                         00A0-00EF             50
                         0110-016F             60
                         0190-01EF             60
        SFR0             0000-001F             20           1
        SFR1             0080-009F             20           1
        SFR2             0100-010F             10           1
        SFR3             0180-018F             10           1
        STACK            0110-016F             60           1
        STRCODE          0013-0718            706           2
                         0800-1FFF           1800
        STRING           0013-0718            100           2
                         0800-1FFF            100

                                  Symbol Table

LCD_Command@command       cstackCOMMON 0072
LCD_Data_Char@data        cstackCOMMON 0072
LCD_Data_String@i         cstackCOMMON 0073
LCD_Data_String@str       cstackCOMMON 0075
_LCD_Command              text3        0743
_LCD_Data_Char            text5        072C
_LCD_Data_String          text4        075B
_PORTB                    (abs)        0006
_PORTC                    (abs)        0007
_RB0                      (abs)        0030
_RB1                      (abs)        0031
_RB2                      (abs)        0032
_TRISB                    (abs)        0086
_TRISC                    (abs)        0087
__Habs1                   abs1         0000
__Hbank0                  bank0        0000
__Hbank1                  bank1        0000
__Hbank2                  bank2        0000
__Hbank3                  bank3        0000
__Hcinit                  cinit        0800
__Hclrtext                clrtext      0000
__Hcode                   code         0000
__Hcommon                 common       0000
__Hconfig                 config       2008
__HcstackCOMMON           cstackCOMMON 0000
__Heeprom_data            eeprom_data  0000
__Hend_init               end_init     0003
__Hfunctab                functab      0000
__Hinit                   init         0000
__Hintentry               intentry     0000
__Hmaintext               maintext     0000
__Hpowerup                powerup      0000
__Hram                    ram          0000
__Hreset_vec              reset_vec    0000
__Hsfr0                   sfr0         0000
__Hsfr1                   sfr1         0000
__Hsfr2                   sfr2         0000
__Hsfr3                   sfr3         0000
__Hspace_0                (abs)        0800
__Hspace_1                (abs)        0077
__Hspace_2                (abs)        0000
__Hspace_3                (abs)        0000
__Hspace_4                (abs)        400F
__Hstack                  stack        0000
__Hstrings                strings      0000
__Htext                   text         0000
__Labs1                   abs1         0000
__Lbank0                  bank0        0000
__Lbank1                  bank1        0000
__Lbank2                  bank2        0000
__Lbank3                  bank3        0000
__Lcinit                  cinit        07FC
__Lclrtext                clrtext      0000
__Lcode                   code         0000
__Lcommon                 common       0000
__Lconfig                 config       0000
__LcstackCOMMON           cstackCOMMON 0000
__Leeprom_data            eeprom_data  0000
__Lend_init               end_init     0000
__Lfunctab                functab      0000
__Linit                   init         0000
__Lintentry               intentry     0000
__Lmaintext               maintext     0000
__Lpowerup                powerup      0000
__Lram                    ram          0000
__Lreset_vec              reset_vec    0000
__Lsfr0                   sfr0         0000
__Lsfr1                   sfr1         0000
__Lsfr2                   sfr2         0000
__Lsfr3                   sfr3         0000
__Lspace_0                (abs)        0000
__Lspace_1                (abs)        0000
__Lspace_2                (abs)        0000
__Lspace_3                (abs)        0000
__Lspace_4                (abs)        0000
__Lstack                  stack        0000
__Lstrings                strings      0000
__Ltext                   text         0000
__S0                      (abs)        0800
__S1                      (abs)        0077
__S2                      (abs)        0000
__S3                      (abs)        0000
___int_sp                 stack        0000
___latbits                (abs)        0002
___sp                     stack        0000
___stackhi                (abs)        0000
___stacklo                (abs)        0000
__end_of_LCD_Command      text3        075B
__end_of_LCD_Data_Char    text5        0743
__end_of_LCD_Data_String  text4        0780
__end_of__initialization  cinit        07FC
__end_of__stringtab       strings      0009
__end_of_lcd_gotoxy       text2        07FC
__end_of_lcd_init         text1        072C
__end_of_main             maintext     07A8
__initialization          cinit        07FC
__pcstackCOMMON           cstackCOMMON 0070
__pmaintext               maintext     0780
__pstrings                strings      0003
__ptext1                  text1        0719
__ptext2                  text2        07A8
__ptext3                  text3        0743
__ptext4                  text4        075B
__ptext5                  text5        072C
__size_of_LCD_Command     (abs)        0000
__size_of_LCD_Data_Char   (abs)        0000
__size_of_LCD_Data_String (abs)        0000
__size_of_lcd_gotoxy      (abs)        0000
__size_of_lcd_init        (abs)        0000
__size_of_main            (abs)        0000
__stringbase              strings      0008
__stringtab               strings      0003
_lcd_gotoxy               text2        07A8
_lcd_init                 text1        0719
_main                     maintext     0780
btemp                     (abs)        007E
end_of_initialization     cinit        07FC
intlevel0                 functab      0000
intlevel1                 functab      0000
intlevel2                 functab      0000
intlevel3                 functab      0000
intlevel4                 functab      0000
intlevel5                 functab      0000
lcd_gotoxy@x              cstackCOMMON 0073
lcd_gotoxy@y              cstackCOMMON 0075
reset_vec                 reset_vec    0000
start                     init         0000
start_initialization      cinit        07FC
wtemp0                    (abs)        007E


MODULE INFORMATION

Module		Function		Class		Link	Load	Size
LCD_8bit.c
		_LCD_Command   		CODE           	0743	0000	24
		_main          		CODE           	0780	0000	40
		_LCD_Data_Char 		CODE           	072C	0000	23
		_lcd_gotoxy    		CODE           	07A8	0000	84
		_LCD_Data_String		CODE           	075B	0000	37
		_lcd_init      		CODE           	0719	0000	19

LCD_8bit.c estimated size: 227

shared
		__stringtab    		STRING         	0003	0000	6
		__initialization		CODE           	07FC	0000	1

shared estimated size: 7

