Microchip MPLAB XC8 Compiler V2.32

Linker command line:

-W-3 --edf=C:\Program Files\Microchip\xc8\v2.32\pic\dat\en_msgs.txt -cn \
  -h+dist/default/production\LCD_4bit.X.production.sym \
  --cmf=dist/default/production\LCD_4bit.X.production.cmf -z -Q16F877A \
  -oC:\Users\ASUS\AppData\Local\Temp\xcAs45s.4 --defsym=__MPLAB_BUILD=1 \
  -Mdist/default/production/LCD_4bit.X.production.map -E1 -ver=XC8 Compiler \
  --acfsm=1493 -ASTACK=06Dh-06Fh -pstack=STACK -ACODE=00h-07FFhx4 \
  -ASTRCODE=00h-01FFFh -ASTRING=00h-0FFhx32 -ACONST=00h-0FFhx32 \
  -AENTRY=00h-0FFhx32 -ACOMMON=070h-07Fh -ABANK0=020h-06Fh \
  -ABANK1=0A0h-0EFh -ABANK2=0110h-016Fh -ABANK3=0190h-01EFh \
  -ARAM=020h-06Fh,0A0h-0EFh,0110h-016Fh,0190h-01EFh \
  -AABS1=020h-07Fh,0A0h-0EFh,0110h-016Fh,0190h-01EFh -ASFR0=00h-01Fh \
  -ASFR1=080h-09Fh -ASFR2=0100h-010Fh -ASFR3=0180h-018Fh \
  -ACONFIG=02007h-02007h -DCONFIG=2 -AIDLOC=02000h-02003h -DIDLOC=2 \
  -AEEDATA=00h-0FFh/02100h -peeprom_data=EEDATA -DEEDATA=2 -DCODE=2 \
  -DSTRCODE=2 -DSTRING=2 -DCONST=2 -DENTRY=2 \
  -preset_vec=00h,intentry,init,end_init -ppowerup=CODE -pcinit=CODE \
  -pfunctab=ENTRY -k C:\Users\ASUS\AppData\Local\Temp\xcAs45s.o \
  dist/default/production\LCD_4bit.X.production.o 

Object code version is 3.11

Machine type is 16F877A



                Name                               Link     Load   Length Selector   Space Scale
C:\Users\ASUS\AppData\Local\Temp\xcAs45s.o
                end_init                              0        0        3        0       0
                config                             2007     2007        1        0       4
dist/default/production\LCD_4bit.X.production.o
                cinit                               7C6      7C6       3A      F8C       0
                config                             2007     2007        1        0       4
                text11                              93B      93B       33     1276       0
                text10                              96E      96E       33     12DC       0
                text9                               B41      B41       DF     1682       0
                text8                               C20      C20      12E     1840       0
                text7                               D4E      D4E      159     1A9C       0
                text6                               EA7      EA7      159     1D4E       0
                text5                                9A       9A      159      134       0
                text4                                 5        5       95        A       0
                text3                               909      909       32     1212       0
                text2                               8F5      8F5       14     11EA       0
                text1                               A29      A29       58     1452       0
                maintext                            1F3      1F3      5D3      3E6       0
                cstackBANK0                          58       58       15       20       1
                cstackCOMMON                         70       70        E       70       1
                inittext                            8E2      8E2       13     11C4       0
                dataBANK2                           110      110       60      110       1
                dataBANK3                           190      190       60      190       1
                dataBANK1                            A0       A0       50       A0       1
                dataBANK0                            20       20       38       20       1
                idataBANK3                          A81      A81       60     1502       0
                idataBANK2                          AE1      AE1       60     15C2       0
                idataBANK1                          9D9      9D9       50     13B2       0
                idataBANK0                          9A1      9A1       38     1342       0

TOTAL           Name                               Link     Load   Length     Space
        CLASS   STACK          

        CLASS   CODE           
                end_init                              0        0        3         0
                cinit                               7C6      7C6       3A         0
                text11                              93B      93B       33         0
                text10                              96E      96E       33         0
                text9                               B41      B41       DF         0
                text8                               C20      C20      12E         0
                text7                               D4E      D4E      159         0
                text6                               EA7      EA7      159         0
                text5                                9A       9A      159         0
                text4                                 5        5       95         0
                text3                               909      909       32         0
                text2                               8F5      8F5       14         0
                text1                               A29      A29       58         0
                maintext                            1F3      1F3      5D3         0
                inittext                            8E2      8E2       13         0
                idataBANK3                          A81      A81       60         0
                idataBANK2                          AE1      AE1       60         0
                idataBANK1                          9D9      9D9       50         0
                idataBANK0                          9A1      9A1       38         0

        CLASS   STRCODE        

        CLASS   STRING         

        CLASS   CONST          

        CLASS   ENTRY          

        CLASS   COMMON         
                cstackCOMMON                         70       70        E         1

        CLASS   BANK0          
                cstackBANK0                          58       58       15         1
                dataBANK0                            20       20       38         1

        CLASS   BANK1          
                dataBANK1                            A0       A0       50         1

        CLASS   BANK2          
                dataBANK2                           110      110       60         1

        CLASS   BANK3          
                dataBANK3                           190      190       60         1

        CLASS   RAM            

        CLASS   ABS1           
                abs_s1                               7E       7E        2         1

        CLASS   SFR0           

        CLASS   SFR1           

        CLASS   SFR2           

        CLASS   SFR3           

        CLASS   CONFIG         
                config                             2007     2007        1         4

        CLASS   IDLOC          

        CLASS   EEDATA         



SEGMENTS        Name                           Load    Length   Top    Selector   Space  Class     Delta

                reset_vec                      000000  000003  000003         0       0  CODE        2
                text4                          000005  000095  00009A         A       0  CODE        2
                dataBANK0                      000020  00004D  00006D        20       1  BANK0       1
                cstackCOMMON                   000070  00000E  00007E        70       1  COMMON      1
                dataBANK1                      0000A0  000050  0000F0        A0       1  BANK1       1
                dataBANK2                      000110  000060  000170       110       1  BANK2       1
                text5                          00009A  000159  0001F3       134       0  CODE        2
                dataBANK3                      000190  000060  0001F0       190       1  BANK3       1
                maintext                       0001F3  0005D3  0007C6       3E6       0  CODE        2
                cinit                          0007C6  00003A  000800       F8C       0  CODE        2
                inittext                       0008E2  000013  0008F5      11C4       0  CODE        2
                text2                          0008F5  000014  000909      11EA       0  CODE        2
                text3                          000909  000032  00093B      1212       0  CODE        2
                text11                         00093B  000033  00096E      1276       0  CODE        2
                text10                         00096E  000033  0009A1      12DC       0  CODE        2
                idataBANK0                     0009A1  000038  0009D9      1342       0  CODE        2
                idataBANK1                     0009D9  000050  000A29      13B2       0  CODE        2
                text1                          000A29  000058  000A81      1452       0  CODE        2
                idataBANK3                     000A81  000060  000AE1      1502       0  CODE        2
                idataBANK2                     000AE1  000060  000B41      15C2       0  CODE        2
                text9                          000B41  0000DF  000C20      1682       0  CODE        2
                text8                          000C20  00012E  000D4E      1840       0  CODE        2
                text7                          000D4E  000159  000EA7      1A9C       0  CODE        2
                text6                          000EA7  000159  001000      1D4E       0  CODE        2


UNUSED ADDRESS RANGES

        Name                Unused          Largest block    Delta
        BANK0            006D-006F              3           1
        CODE             0003-0004              2           2
                         0800-08E1             E2
                         1000-1FFF            800
        CONST            0003-0004              2           2
                         0800-08E1             E2
                         1000-1FFF            100
        EEDATA           2100-21FF            100           2
        ENTRY            0003-0004              2           2
                         0800-08E1             E2
                         1000-1FFF            100
        IDLOC            2000-2003              4           2
        RAM              006D-006F              3           1
        SFR0             0000-001F             20           1
        SFR1             0080-009F             20           1
        SFR2             0100-010F             10           1
        SFR3             0180-018F             10           1
        STACK            006D-006F              3           1
        STRCODE          0003-0004              2           2
                         0800-08E1             E2
                         1000-1FFF           1000
        STRING           0003-0004              2           2
                         0800-08E1             E2
                         1000-1FFF            100

                                  Symbol Table

_PORTB                   (abs)        0006
_RB1                     (abs)        0031
_RB2                     (abs)        0032
_RB3                     (abs)        0033
_TRISB                   (abs)        0086
__Habs1                  abs1         0000
__Hbank0                 bank0        0000
__Hbank1                 bank1        0000
__Hbank2                 bank2        0000
__Hbank3                 bank3        0000
__Hcinit                 cinit        0800
__Hclrtext               clrtext      0000
__Hcode                  code         0000
__Hcommon                common       0000
__Hconfig                config       2008
__HcstackBANK0           cstackBANK0  0000
__HcstackCOMMON          cstackCOMMON 0000
__HdataBANK0             dataBANK0    0000
__HdataBANK1             dataBANK1    0000
__HdataBANK2             dataBANK2    0000
__HdataBANK3             dataBANK3    0000
__Heeprom_data           eeprom_data  0000
__Hend_init              end_init     0003
__Hfunctab               functab      0000
__HidataBANK0            idataBANK0   0000
__HidataBANK1            idataBANK1   0000
__HidataBANK2            idataBANK2   0000
__HidataBANK3            idataBANK3   0000
__Hinit                  init         0000
__Hinittext              inittext     0000
__Hintentry              intentry     0000
__Hmaintext              maintext     0000
__Hpowerup               powerup      0000
__Hram                   ram          0000
__Hreset_vec             reset_vec    0000
__Hsfr0                  sfr0         0000
__Hsfr1                  sfr1         0000
__Hsfr2                  sfr2         0000
__Hsfr3                  sfr3         0000
__Hspace_0               (abs)        1000
__Hspace_1               (abs)        01F0
__Hspace_2               (abs)        0000
__Hspace_3               (abs)        0000
__Hspace_4               (abs)        400F
__Hstack                 stack        0000
__Hstrings               strings      0000
__Htext                  text         0000
__Labs1                  abs1         0000
__Lbank0                 bank0        0000
__Lbank1                 bank1        0000
__Lbank2                 bank2        0000
__Lbank3                 bank3        0000
__Lcinit                 cinit        07C6
__Lclrtext               clrtext      0000
__Lcode                  code         0000
__Lcommon                common       0000
__Lconfig                config       0000
__LcstackBANK0           cstackBANK0  0000
__LcstackCOMMON          cstackCOMMON 0000
__LdataBANK0             dataBANK0    0000
__LdataBANK1             dataBANK1    0000
__LdataBANK2             dataBANK2    0000
__LdataBANK3             dataBANK3    0000
__Leeprom_data           eeprom_data  0000
__Lend_init              end_init     0000
__Lfunctab               functab      0000
__LidataBANK0            idataBANK0   0000
__LidataBANK1            idataBANK1   0000
__LidataBANK2            idataBANK2   0000
__LidataBANK3            idataBANK3   0000
__Linit                  init         0000
__Linittext              inittext     0000
__Lintentry              intentry     0000
__Lmaintext              maintext     0000
__Lpowerup               powerup      0000
__Lram                   ram          0000
__Lreset_vec             reset_vec    0000
__Lsfr0                  sfr0         0000
__Lsfr1                  sfr1         0000
__Lsfr2                  sfr2         0000
__Lsfr3                  sfr3         0000
__Lspace_0               (abs)        0000
__Lspace_1               (abs)        0000
__Lspace_2               (abs)        0000
__Lspace_3               (abs)        0000
__Lspace_4               (abs)        0000
__Lstack                 stack        0000
__Lstrings               strings      0000
__Ltext                  text         0000
__S0                     (abs)        1000
__S1                     (abs)        01F0
__S2                     (abs)        0000
__S3                     (abs)        0000
___int_sp                stack        0000
___latbits               (abs)        0002
___sp                    stack        0000
___stackhi               (abs)        0000
___stacklo               (abs)        0000
__end_of__initialization cinit        07FC
__end_of_command         text2        0909
__end_of_lcd_CGRAM       text9        0C20
__end_of_lcd_CGRAM2      text8        0D4E
__end_of_lcd_CGRAM3      text7        0EA7
__end_of_lcd_CGRAM4      text6        1000
__end_of_lcd_CGRAM5      text5        01F3
__end_of_lcd_CGRAM6      text4        009A
__end_of_lcd_command     text11       096E
__end_of_lcd_gotoxy      text3        093B
__end_of_lcd_init        text1        0A81
__end_of_lcd_putc        text10       09A1
__end_of_main            maintext     07C6
__initialization         cinit        07C6
__pcstackBANK0           cstackBANK0  0058
__pcstackCOMMON          cstackCOMMON 0070
__pdataBANK0             dataBANK0    0020
__pdataBANK1             dataBANK1    00A0
__pdataBANK2             dataBANK2    0110
__pdataBANK3             dataBANK3    0190
__pidataBANK0            idataBANK0   09A1
__pidataBANK1            idataBANK1   09D9
__pidataBANK2            idataBANK2   0AE1
__pidataBANK3            idataBANK3   0A81
__pmaintext              maintext     01F3
__ptext1                 text1        0A29
__ptext10                text10       096E
__ptext11                text11       093B
__ptext2                 text2        08F5
__ptext3                 text3        0909
__ptext4                 text4        0005
__ptext5                 text5        009A
__ptext6                 text6        0EA7
__ptext7                 text7        0D4E
__ptext8                 text8        0C20
__ptext9                 text9        0B41
__size_of_command        (abs)        0000
__size_of_lcd_CGRAM      (abs)        0000
__size_of_lcd_CGRAM2     (abs)        0000
__size_of_lcd_CGRAM3     (abs)        0000
__size_of_lcd_CGRAM4     (abs)        0000
__size_of_lcd_CGRAM5     (abs)        0000
__size_of_lcd_CGRAM6     (abs)        0000
__size_of_lcd_command    (abs)        0000
__size_of_lcd_gotoxy     (abs)        0000
__size_of_lcd_init       (abs)        0000
__size_of_lcd_putc       (abs)        0000
__size_of_main           (abs)        0000
_bomb1                   dataBANK2    0130
_bomb2                   dataBANK2    0128
_bomb3                   dataBANK2    0120
_bomb4                   dataBANK2    0118
_bomb5                   dataBANK2    0110
_command                 text2        08F5
_dan1                    dataBANK2    0158
_dan2                    dataBANK2    0150
_dan3                    dataBANK2    0148
_dan4                    dataBANK2    0140
_dan5                    dataBANK2    0138
_lcd_CGRAM               text9        0B41
_lcd_CGRAM2              text8        0C20
_lcd_CGRAM3              text7        0D4E
_lcd_CGRAM4              text6        0EA7
_lcd_CGRAM5              text5        009A
_lcd_CGRAM6              text4        0005
_lcd_command             text11       093B
_lcd_gotoxy              text3        0909
_lcd_init                text1        0A29
_lcd_putc                text10       096E
_main                    maintext     01F3
_xedoc10                 dataBANK1    00A8
_xedoc11                 dataBANK3    01D8
_xedoc12                 dataBANK1    00A0
_xedoc13                 dataBANK3    01D0
_xedoc14                 dataBANK3    01C8
_xedoc3                  dataBANK1    00D0
_xedoc4                  dataBANK1    00C8
_xedoc5                  dataBANK1    00C0
_xedoc6                  dataBANK1    00B8
_xedoc7                  dataBANK3    01E8
_xedoc8                  dataBANK1    00B0
_xedoc9                  dataBANK3    01E0
_xengang1                dataBANK0    0050
_xengang10               dataBANK1    00D8
_xengang11               dataBANK3    01C0
_xengang12               dataBANK3    01B8
_xengang13               dataBANK3    0198
_xengang14               dataBANK3    01B0
_xengang15               dataBANK3    0190
_xengang16               dataBANK3    01A8
_xengang17               dataBANK2    0168
_xengang18               dataBANK3    01A0
_xengang19               dataBANK2    0160
_xengang2                dataBANK0    0048
_xengang3                dataBANK0    0028
_xengang4                dataBANK0    0040
_xengang5                dataBANK0    0020
_xengang6                dataBANK0    0038
_xengang7                dataBANK1    00E8
_xengang8                dataBANK0    0030
_xengang9                dataBANK1    00E0
btemp                    (abs)        007E
command@a                cstackCOMMON 0071
end_of_initialization    cinit        07FC
init_fetch0              inittext     08E2
init_ram0                inittext     08E6
intlevel0                functab      0000
intlevel1                functab      0000
intlevel2                functab      0000
intlevel3                functab      0000
intlevel4                functab      0000
intlevel5                functab      0000
lcd_CGRAM2@a             cstackBANK0  0058
lcd_CGRAM2@b             cstackBANK0  005A
lcd_CGRAM2@c             cstackBANK0  005C
lcd_CGRAM2@d             cstackBANK0  005E
lcd_CGRAM2@e             cstackBANK0  0060
lcd_CGRAM2@f             cstackBANK0  0062
lcd_CGRAM2@g             cstackBANK0  0064
lcd_CGRAM3@a             cstackBANK0  0058
lcd_CGRAM3@b             cstackBANK0  005A
lcd_CGRAM3@c             cstackBANK0  005C
lcd_CGRAM3@d             cstackBANK0  005E
lcd_CGRAM3@e             cstackBANK0  0060
lcd_CGRAM3@f             cstackBANK0  0062
lcd_CGRAM3@g             cstackBANK0  0064
lcd_CGRAM3@h             cstackBANK0  0066
lcd_CGRAM4@a             cstackBANK0  0058
lcd_CGRAM4@b             cstackBANK0  005A
lcd_CGRAM4@c             cstackBANK0  005C
lcd_CGRAM4@d             cstackBANK0  005E
lcd_CGRAM4@e             cstackBANK0  0060
lcd_CGRAM4@f             cstackBANK0  0062
lcd_CGRAM4@g             cstackBANK0  0064
lcd_CGRAM4@h             cstackBANK0  0066
lcd_CGRAM5@a             cstackBANK0  0058
lcd_CGRAM5@b             cstackBANK0  005A
lcd_CGRAM5@c             cstackBANK0  005C
lcd_CGRAM5@d             cstackBANK0  005E
lcd_CGRAM5@e             cstackBANK0  0060
lcd_CGRAM5@f             cstackBANK0  0062
lcd_CGRAM5@g             cstackBANK0  0064
lcd_CGRAM5@h             cstackBANK0  0066
lcd_CGRAM6@e             cstackCOMMON 0072
lcd_CGRAM6@f             cstackCOMMON 0074
lcd_CGRAM6@g             cstackCOMMON 0076
lcd_CGRAM6@h             cstackCOMMON 0078
lcd_CGRAM@c              cstackCOMMON 0072
lcd_CGRAM@d              cstackCOMMON 0074
lcd_CGRAM@e              cstackCOMMON 0076
lcd_CGRAM@f              cstackCOMMON 0078
lcd_CGRAM@g              cstackCOMMON 007A
lcd_CGRAM@h              cstackCOMMON 007C
lcd_command@command      cstackCOMMON 0071
lcd_gotoxy@x             cstackCOMMON 0072
lcd_gotoxy@y             cstackCOMMON 0074
lcd_putc@data            cstackCOMMON 0071
main@i                   cstackBANK0  006B
reset_vec                reset_vec    0000
start                    init         0000
start_initialization     cinit        07C6
wtemp0                   (abs)        007E


MODULE INFORMATION

Module		Function		Class		Link	Load	Size
LCD_4bit.c
		_lcd_command   		CODE           	093B	0000	51
		_lcd_putc      		CODE           	096E	0000	51
		_lcd_CGRAM     		CODE           	0B41	0000	223
		_lcd_CGRAM2    		CODE           	0C20	0000	302
		_lcd_CGRAM3    		CODE           	0D4E	0000	345
		_lcd_CGRAM4    		CODE           	0EA7	0000	345
		_lcd_CGRAM5    		CODE           	009A	0000	345
		_lcd_CGRAM6    		CODE           	0005	0000	149
		_main          		CODE           	01F3	0000	1491
		_lcd_gotoxy    		CODE           	0909	0000	50
		_command       		CODE           	08F5	0000	20
		_lcd_init      		CODE           	0A29	0000	88

LCD_4bit.c estimated size: 3460

shared
		__initialization		CODE           	07C6	0000	54

shared estimated size: 54

